#"Progress (%)","Step","Time (ps)","Potential Energy (kJ/mole)","Kinetic Energy (kJ/mole)","Temperature (K)","Speed (ns/day)","Time Remaining"
3.0%,152500,610.0000000014564,-3515825.3117258307,571704.1570164635,309.8960722371468,0,--
3.1%,155000,620.0000000015042,-3519047.8918045145,573713.7288061483,310.9853741022091,221,2:06:24
3.1%,157500,630.0000000015519,-3515415.0313343704,576545.6094146336,312.5204139770178,221,2:06:07
3.2%,160000,640.0000000015997,-3520503.326788511,574438.055508367,311.37800024858086,221,2:05:54
3.2%,162500,650.0000000016474,-3516927.830261316,575268.9722713137,311.8284042521777,221,2:05:51
3.3%,165000,660.0000000016952,-3517970.1072807964,574202.4616423708,311.25029501359285,222,2:05:40
3.4%,167500,670.0000000017429,-3520345.169691542,575493.0698718086,311.9498778593552,222,2:05:38
3.4%,170000,680.0000000017907,-3517597.4014148396,573004.7577883764,310.60107160756917,221,2:05:36
3.5%,172500,690.0000000018384,-3517346.504170023,574276.2755548719,311.2903063398703,221,2:05:35
3.5%,175000,700.0000000018862,-3516885.5512409266,572643.1595663026,310.40506486636684,221,2:05:31
3.5%,177500,710.0000000019339,-3519000.9500800055,573488.0988841132,310.8630698898649,221,2:05:28
3.6%,180000,720.0000000019817,-3519453.475136999,575285.2192373568,311.8372110290757,221,2:05:22
3.6%,182500,730.0000000020294,-3518863.5594299026,576410.6272844787,312.4472460081587,221,2:05:18
3.7%,185000,740.0000000020772,-3519637.896158185,573389.295488494,310.8095128466803,222,2:05:11
3.8%,187500,750.0000000021249,-3519613.71779727,573946.3409933372,311.11146309820407,221,2:05:09
3.8%,190000,760.0000000021727,-3519191.818937227,573412.9354554341,310.8223270492931,222,2:05:02
3.9%,192500,770.0000000022204,-3515813.665863177,574852.7550607082,311.60279092195935,222,2:05:00
3.9%,195000,780.0000000022682,-3516603.3297133,572712.3797071311,310.4425861079026,221,2:04:58
4.0%,197500,790.0000000023159,-3516524.4721586946,574660.7076592773,311.49869034011755,222,2:04:52
4.0%,200000,800.0000000023637,-3516132.629468903,573170.534686953,310.69093208716515,221,2:04:51
4.0%,202500,810.0000000024114,-3521595.9873162247,572354.0749521705,310.2483646126355,221,2:04:46
4.1%,205000,820.0000000024592,-3519766.8209283147,574681.4597921899,311.50993917292953,221,2:04:44
4.2%,207500,830.0000000025069,-3516833.8925813176,573836.0903660222,311.0517010063122,221,2:04:41
4.2%,210000,840.0000000025547,-3517472.9334505163,574082.8213040187,311.1854431658647,221,2:04:39
4.2%,212500,850.0000000026024,-3518117.318198176,570764.2859532933,309.3866088244514,221,2:04:37
4.3%,215000,860.0000000026502,-3515832.628908178,573991.2349044743,311.1357981438007,221,2:04:33
4.3%,217500,870.0000000026979,-3518837.3350392506,572725.8719141815,310.44989964921496,221,2:04:32
4.4%,220000,880.0000000027457,-3513786.235525837,574065.7595049319,311.17619470325087,221,2:04:28
4.5%,222500,890.0000000027934,-3517861.6784820054,572907.0562104629,310.548111812061,221,2:04:25
4.5%,225000,900.0000000028411,-3517890.9525276385,574173.0651132902,311.2343604278676,221,2:04:19
4.5%,227500,910.0000000028889,-3516987.1883127466,571822.6522893806,309.9603033944771,221,2:04:13
4.6%,230000,920.0000000029366,-3518560.369053066,572695.769222344,310.43358228323166,221,2:04:10
4.7%,232500,930.0000000029844,-3517099.6161988433,571440.8653867975,309.75335324361663,221,2:04:08
4.7%,235000,940.0000000030321,-3518437.364972707,573074.831546514,310.6390555580918,221,2:04:05
4.8%,237500,950.0000000030799,-3518207.655612638,574480.2488757437,311.4008714463219,221,2:04:01
4.8%,240000,960.0000000031276,-3519746.584688561,575250.912362829,311.81861475767136,221,2:03:57
4.8%,242500,970.0000000031754,-3514374.7707769834,572503.4803822354,310.32935082793546,221,2:03:51
4.9%,245000,980.0000000032231,-3517222.8433674164,573894.9783071154,311.08362160969233,221,2:03:49
5.0%,247500,990.0000000032709,-3519239.733156534,574414.1820445627,311.365059477427,221,2:03:44
5.0%,250000,1000.0000000033186,-3517120.888130756,573505.0414001513,310.8722536943022,221,2:03:40
5.0%,252500,1010.0000000033664,-3518675.9959395733,575913.0393470374,312.17752512977574,221,2:03:39
5.1%,255000,1020.0000000034141,-3518679.981973471,574445.7194188687,311.3821545226635,221,2:03:35
5.2%,257500,1030.0000000032912,-3517385.576650776,573706.9167347552,310.98168157322783,221,2:03:32
5.2%,260000,1040.0000000030548,-3518679.186413072,574105.8369215745,311.19791893570664,221,2:03:28
5.2%,262500,1050.0000000028183,-3519258.894541176,571808.3233063947,309.9525362731575,221,2:03:24
5.3%,265000,1060.0000000025818,-3516923.8050991707,575233.9442243819,311.8094170644355,221,2:03:20
5.3%,267500,1070.0000000023454,-3518941.330522014,574799.368528654,311.573852394242,221,2:03:15
5.4%,270000,1080.000000002109,-3515362.915049251,573235.585319809,310.72619321894325,221,2:03:11
5.5%,272500,1090.0000000018724,-3514507.295779044,574380.3956751352,311.3467453493028,221,2:03:08
5.5%,275000,1100.000000001636,-3519086.2172625866,573225.8579580642,310.7209204372764,221,2:03:04
5.5%,277500,1110.0000000013995,-3519104.5248314794,574319.8487105309,311.3139254611028,221,2:03:01
5.6%,280000,1120.000000001163,-3518680.056897413,574276.9649881376,311.2906800517954,221,2:02:56
5.7%,282500,1130.0000000009265,-3520716.709660668,573997.3014456186,311.13908655311093,221,2:02:53
5.7%,285000,1140.00000000069,-3517723.47121159,573034.6502625938,310.6172750236817,221,2:02:47
5.8%,287500,1150.0000000004536,-3516713.2744809054,574402.248694954,311.3585909252449,221,2:02:44
5.8%,290000,1160.0000000002171,-3516582.9641820043,570816.9284001912,309.41514401581986,221,2:02:40
5.8%,292500,1169.9999999999807,-3519685.0047131833,575558.3265871623,311.98525069953314,221,2:02:36
5.9%,295000,1179.9999999997442,-3518221.3480849694,574094.8954010939,311.19198801115476,221,2:02:32
6.0%,297500,1189.9999999995077,-3517143.3606643304,574425.8544987029,311.3713866094708,221,2:02:27
6.0%,300000,1199.9999999992713,-3521105.645152364,574286.3496264326,311.2957670579179,221,2:02:24
6.0%,302500,1209.9999999990348,-3517146.313925149,575002.9429687595,311.68420128469927,221,2:02:21
6.1%,305000,1219.9999999987983,-3521311.6252472866,573898.3483978801,311.08544838999165,221,2:02:18
6.2%,307500,1229.9999999985619,-3520665.546523912,572571.0947416099,310.36600164486555,221,2:02:14
6.2%,310000,1239.9999999983254,-3517957.446429901,572350.3888717447,310.2463665480214,221,2:02:10
6.2%,312500,1249.999999998089,-3517647.866295442,575823.9084868736,312.1292111493002,221,2:02:05
6.3%,315000,1259.9999999978525,-3516250.8084332943,574525.1355606772,311.4252025749063,221,2:02:02
6.3%,317500,1269.999999997616,-3516820.2995211687,572556.9367803874,310.3583272270397,221,2:01:58
6.4%,320000,1279.9999999973795,-3516106.8853732888,575873.1074900926,312.15587979893036,221,2:01:54
6.5%,322500,1289.999999997143,-3520338.535558995,574690.7525139663,311.5149763550867,221,2:01:50
6.5%,325000,1299.9999999969066,-3518212.9286609106,572928.6789896291,310.55983258451334,221,2:01:47
6.5%,327500,1309.99999999667,-3519853.899062244,573540.701043275,310.89158324299575,221,2:01:42
6.6%,330000,1319.9999999964336,-3517682.302601384,574747.8543452235,311.54592878565234,221,2:01:38
6.7%,332500,1329.9999999961972,-3513815.5304847136,575610.5707701527,312.0135700092797,221,2:01:35
6.7%,335000,1339.9999999959607,-3516652.1208321266,574351.550033025,311.33110937555415,221,2:01:30
6.8%,337500,1349.9999999957242,-3518547.5002704673,574392.5475612863,311.35333236068317,221,2:01:26
6.8%,340000,1359.9999999954878,-3518393.117574703,575048.0286882626,311.7086403013069,221,2:01:23
6.8%,342500,1369.9999999952513,-3516874.665404491,574883.4870417676,311.6194493983855,221,2:01:19
6.9%,345000,1379.9999999950148,-3519938.318402119,573939.1840786438,311.1075836445993,221,2:01:16
7.0%,347500,1389.9999999947784,-3517115.0520963203,573048.6621895498,310.62487028265406,221,2:01:12
7.0%,350000,1399.999999994542,-3517030.2830559444,574119.2913787641,311.20521201445365,221,2:01:07
7.0%,352500,1409.9999999943054,-3520432.5695195682,573203.9271373131,310.70903268881716,221,2:01:03
7.1%,355000,1419.999999994069,-3519851.1538567096,573868.538734399,311.069289861994,221,2:00:59
7.2%,357500,1429.9999999938325,-3520240.5762586016,574707.8579269375,311.52424845889897,221,2:00:54
7.2%,360000,1439.999999993596,-3520666.7485037465,575890.5436900852,312.1653312080658,221,2:00:51
7.2%,362500,1449.9999999933596,-3516680.8261671774,571985.7545992135,310.0487140953084,221,2:00:47
7.3%,365000,1459.999999993123,-3519017.0554163046,575234.2498135406,311.8095827110883,221,2:00:43
7.3%,367500,1469.9999999928866,-3518782.397412859,575963.4461664241,312.20484848425934,221,2:00:39
7.4%,370000,1479.9999999926501,-3518167.9986539483,574138.1975949493,311.21546025572457,221,2:00:35
7.5%,372500,1489.9999999924137,-3520556.2140371725,573180.2203158294,310.69618224725076,221,2:00:31
7.5%,375000,1499.9999999921772,-3522797.8701533396,572896.9394550531,310.5426279569467,221,2:00:27
7.5%,377500,1509.9999999919407,-3521364.620247869,573642.8457447255,310.9469514634134,221,2:00:23
7.6%,380000,1519.9999999917043,-3516548.897640871,572381.2040581434,310.26307012645964,221,2:00:19
7.7%,382500,1529.9999999914678,-3517826.5507030133,574278.7993045358,311.29167435530024,221,2:00:15
7.7%,385000,1539.9999999912313,-3518403.6285834797,573475.9448092049,310.85648169205393,221,2:00:11
7.8%,387500,1549.9999999909949,-3517729.4807262104,574010.5946564852,311.14629222720737,221,2:00:07
7.8%,390000,1559.9999999907584,-3521088.5132068265,576252.3673499444,312.3614601493316,221,2:00:04
7.8%,392500,1569.999999990522,-3519283.4369034916,573903.7880806895,311.0883970065377,221,2:00:00
7.9%,395000,1579.9999999902855,-3517123.4850552194,576476.115003314,312.48274406532295,221,1:59:56
8.0%,397500,1589.999999990049,-3520891.538033098,576107.2576498911,312.28280246329217,221,1:59:52
8.0%,400000,1599.9999999898125,-3520467.3467307743,573735.2083532065,310.9970172347368,221,1:59:49
8.1%,402500,1609.999999989576,-3515760.270615587,576435.2434783778,312.46058938114123,221,1:59:45
8.1%,405000,1619.9999999893396,-3519127.7307376005,574370.9464365426,311.3416233261558,221,1:59:41
8.2%,407500,1629.9999999891031,-3512470.781675823,575201.475411176,311.7918171264969,221,1:59:38
8.2%,410000,1639.9999999888666,-3520448.0142472927,575290.0994483624,311.8398563801787,221,1:59:34
8.2%,412500,1649.9999999886302,-3516104.583469659,573386.2404510464,310.8078568431444,221,1:59:31
8.3%,415000,1659.9999999883937,-3519041.634709483,574333.5833824624,311.32137043212987,221,1:59:27
8.3%,417500,1669.9999999881572,-3515094.659226194,573905.5188904402,311.0893352035701,221,1:59:23
8.4%,420000,1679.9999999879208,-3519505.035575647,574942.4680265534,311.65142043672324,221,1:59:19
8.4%,422500,1689.9999999876843,-3515487.9012119863,574920.5055177412,311.639515511538,221,1:59:15
8.5%,425000,1699.9999999874478,-3518127.917441828,573444.896819605,310.8396519210793,221,1:59:11
8.6%,427500,1709.9999999872114,-3515972.0765860565,572874.1537087013,310.5302767903324,221,1:59:07
8.6%,430000,1719.999999986975,-3519688.606111534,572709.1672968459,310.44084479936475,221,1:59:03
8.7%,432500,1729.9999999867384,-3518292.0423459355,572953.0175560453,310.573025467657,221,1:58:59
8.7%,435000,1739.999999986502,-3518324.1497832555,573346.467749964,310.7862977838015,221,1:58:55
8.8%,437500,1749.9999999862655,-3518999.3819402587,572277.9729574735,310.20711301605957,221,1:58:51
8.8%,440000,1759.999999986029,-3518534.2175045386,576457.4650898783,312.4726347546762,221,1:58:47
8.8%,442500,1769.9999999857926,-3520578.303963773,575785.813491816,312.108561501759,221,1:58:43
8.9%,445000,1779.999999985556,-3515538.6233141515,573390.8711325417,310.8103669351029,221,1:58:40
8.9%,447500,1789.9999999853196,-3516650.8598247133,574417.0334151043,311.36660508195075,221,1:58:36
9.0%,450000,1799.9999999850832,-3522055.7935183197,572794.261235667,310.4869705395543,221,1:58:32
9.1%,452500,1809.9999999848467,-3523994.672283329,572004.868538566,310.05907493431516,221,1:58:28
9.1%,455000,1819.9999999846102,-3518567.363090316,573174.5362558146,310.6931011644017,221,1:58:24
9.2%,457500,1829.9999999843737,-3515844.1106704716,573800.5446725371,311.0324332247843,221,1:58:21
9.2%,460000,1839.9999999841373,-3519208.898339113,571196.0814774432,309.6206664839968,221,1:58:17
9.2%,462500,1849.9999999839008,-3520020.9128458425,575118.3652949028,311.74676673062316,221,1:58:13
9.3%,465000,1859.9999999836643,-3517440.555004593,573201.3033550318,310.70761045003616,221,1:58:09
9.3%,467500,1869.9999999834279,-3520600.208137462,574612.0280321317,311.4723032217711,221,1:58:05
9.4%,470000,1879.9999999831914,-3517738.1710669417,575669.7788148337,312.04566412695635,221,1:58:01
9.4%,472500,1889.999999982955,-3519762.3726390395,571839.263600217,309.96930766691366,221,1:57:57
9.5%,475000,1899.9999999827185,-3516935.3458779473,573035.7494865959,310.6178708654236,221,1:57:53
9.6%,477500,1909.999999982482,-3518650.0048036557,573427.4433342967,310.8301911423224,221,1:57:49
9.6%,480000,1919.9999999822455,-3515330.516844338,572815.5427357189,310.4985063193741,221,1:57:44
9.7%,482500,1929.999999982009,-3521330.1615072526,576461.8914792212,312.47503410870354,221,1:57:40
9.7%,485000,1939.9999999817726,-3517951.8697912395,574068.2153795396,311.1775259265514,221,1:57:36
9.8%,487500,1949.9999999815361,-3519022.0844305623,573307.6777677515,310.7652714138123,221,1:57:32
9.8%,490000,1959.9999999812997,-3519341.1546801403,575259.7453572556,311.8234027415356,221,1:57:28
9.8%,492500,1969.9999999810632,-3521282.2775698695,573278.2385438053,310.7493136850488,221,1:57:24
9.9%,495000,1979.9999999808267,-3515616.7625763435,573522.8108249386,310.88188573017226,221,1:57:20
9.9%,497500,1989.9999999805902,-3514263.399944134,574502.5156471903,311.4129412991085,221,1:57:15
10.0%,500000,1999.9999999803538,-3518163.2872701753,573412.3786941422,310.8220252531011,221,1:57:12
10.1%,502500,2009.9999999801173,-3516526.567364013,573710.2761583652,310.9835025713244,221,1:57:09
10.1%,505000,2019.9999999798808,-3517961.3806074522,572515.6555525435,310.3359504606493,221,1:57:05
10.2%,507500,2029.9999999796444,-3519256.7757277824,575426.9824818873,311.9140547464573,221,1:57:01
10.2%,510000,2039.999999979408,-3519325.7107205633,574734.3440642382,311.5386054472425,221,1:56:57
10.2%,512500,2049.9999999791717,-3520831.8536238708,573777.4619027653,311.0199210546333,221,1:56:53
10.3%,515000,2059.999999978935,-3517414.6623892672,575787.2771965928,312.10935491274904,221,1:56:49
10.3%,517500,2069.9999999786987,-3518352.0618437324,573191.2286949878,310.7021494129973,221,1:56:45
10.4%,520000,2079.9999999784623,-3515770.9396002665,574444.3750966387,311.38142582378356,221,1:56:40
10.4%,522500,2089.999999978226,-3520260.5874471385,572190.4066148358,310.159647092801,221,1:56:36
10.5%,525000,2099.9999999779893,-3519500.7141063157,574329.9131835761,311.3193809762107,221,1:56:33
10.6%,527500,2109.999999977753,-3516573.5881108716,573770.2548333907,311.0160144143472,221,1:56:29
